                                                                       Cells by Function                                                                        
┏━━━━━━━━━━━━━━━━━━━━━━━━━━━━━━━━━━━━━━━━━━━━━━━━━━━━━━━━━━━━━━━━━━━━━━━━━━━━━━━━━━━━━━━━━━━━━━━━━━━━━━━━━━━━━━━━━━━━━━━━━━━━━━━━━┳━━━━━━━━━━━━━━━━━━━━━━━━━━━━┓
┃ Cell Function                                                                                                                   ┃ Count                      ┃
┡━━━━━━━━━━━━━━━━━━━━━━━━━━━━━━━━━━━━━━━━━━━━━━━━━━━━━━━━━━━━━━━━━━━━━━━━━━━━━━━━━━━━━━━━━━━━━━━━━━━━━━━━━━━━━━━━━━━━━━━━━━━━━━━━━╇━━━━━━━━━━━━━━━━━━━━━━━━━━━━┩
│ sky130_fd_sc_hd__a2111o                                                                                                         │ 142                        │
│ sky130_fd_sc_hd__a2111oi                                                                                                        │ 42                         │
│ sky130_fd_sc_hd__a211o                                                                                                          │ 331                        │
│ sky130_fd_sc_hd__a211oi                                                                                                         │ 104                        │
│ sky130_fd_sc_hd__a21bo                                                                                                          │ 312                        │
│ sky130_fd_sc_hd__a21boi                                                                                                         │ 137                        │
│ sky130_fd_sc_hd__a21o                                                                                                           │ 1563                       │
│ sky130_fd_sc_hd__a21oi                                                                                                          │ 1697                       │
│ sky130_fd_sc_hd__a221o                                                                                                          │ 312                        │
│ sky130_fd_sc_hd__a221oi                                                                                                         │ 61                         │
│ sky130_fd_sc_hd__a22o                                                                                                           │ 1055                       │
│ sky130_fd_sc_hd__a22oi                                                                                                          │ 321                        │
│ sky130_fd_sc_hd__a2bb2o                                                                                                         │ 408                        │
│ sky130_fd_sc_hd__a2bb2oi                                                                                                        │ 8                          │
│ sky130_fd_sc_hd__a311o                                                                                                          │ 69                         │
│ sky130_fd_sc_hd__a311oi                                                                                                         │ 6                          │
│ sky130_fd_sc_hd__a31o                                                                                                           │ 656                        │
│ sky130_fd_sc_hd__a31oi                                                                                                          │ 129                        │
│ sky130_fd_sc_hd__a32o                                                                                                           │ 236                        │
│ sky130_fd_sc_hd__a32oi                                                                                                          │ 24                         │
│ sky130_fd_sc_hd__a41o                                                                                                           │ 42                         │
│ sky130_fd_sc_hd__a41oi                                                                                                          │ 6                          │
│ sky130_fd_sc_hd__and2                                                                                                           │ 1622                       │
│ sky130_fd_sc_hd__and2b                                                                                                          │ 792                        │
│ sky130_fd_sc_hd__and3                                                                                                           │ 1005                       │
│ sky130_fd_sc_hd__and3b                                                                                                          │ 157                        │
│ sky130_fd_sc_hd__and4                                                                                                           │ 335                        │
│ sky130_fd_sc_hd__and4b                                                                                                          │ 182                        │
│ sky130_fd_sc_hd__and4bb                                                                                                         │ 178                        │
│ sky130_fd_sc_hd__buf                                                                                                            │ 1013                       │
│ sky130_fd_sc_hd__bufinv                                                                                                         │ 16                         │
│ sky130_fd_sc_hd__clkbuf                                                                                                         │ 869                        │
│ sky130_fd_sc_hd__clkdlybuf4s25                                                                                                  │ 5153                       │
│ sky130_fd_sc_hd__clkinv                                                                                                         │ 26                         │
│ sky130_fd_sc_hd__clkinvlp                                                                                                       │ 5                          │
│ sky130_fd_sc_hd__decap                                                                                                          │ 92825                      │
│ sky130_fd_sc_hd__dfrtp                                                                                                          │ 49                         │
│ sky130_fd_sc_hd__dfxtp                                                                                                          │ 1536                       │
│ sky130_fd_sc_hd__diode                                                                                                          │ 40260                      │
│ sky130_fd_sc_hd__dlygate4sd3                                                                                                    │ 917                        │
│ sky130_fd_sc_hd__fill                                                                                                           │ 27397                      │
│ sky130_fd_sc_hd__inv                                                                                                            │ 3143                       │
│ sky130_fd_sc_hd__mux2                                                                                                           │ 4708                       │
│ sky130_fd_sc_hd__mux4                                                                                                           │ 1                          │
│ sky130_fd_sc_hd__nand2                                                                                                          │ 4295                       │
│ sky130_fd_sc_hd__nand2b                                                                                                         │ 816                        │
│ sky130_fd_sc_hd__nand3                                                                                                          │ 393                        │
│ sky130_fd_sc_hd__nand3b                                                                                                         │ 52                         │
│ sky130_fd_sc_hd__nand4                                                                                                          │ 64                         │
│ sky130_fd_sc_hd__nand4b                                                                                                         │ 15                         │
│ sky130_fd_sc_hd__nor2                                                                                                           │ 3568                       │
│ sky130_fd_sc_hd__nor3                                                                                                           │ 169                        │
│ sky130_fd_sc_hd__nor3b                                                                                                          │ 18                         │
│ sky130_fd_sc_hd__nor4                                                                                                           │ 57                         │
│ sky130_fd_sc_hd__nor4b                                                                                                          │ 23                         │
│ sky130_fd_sc_hd__o2111a                                                                                                         │ 115                        │
│ sky130_fd_sc_hd__o2111ai                                                                                                        │ 40                         │
│ sky130_fd_sc_hd__o211a                                                                                                          │ 481                        │
│ sky130_fd_sc_hd__o211ai                                                                                                         │ 70                         │
│ sky130_fd_sc_hd__o21a                                                                                                           │ 850                        │
│ sky130_fd_sc_hd__o21ai                                                                                                          │ 629                        │
│ sky130_fd_sc_hd__o21ba                                                                                                          │ 267                        │
│ sky130_fd_sc_hd__o21bai                                                                                                         │ 97                         │
│ sky130_fd_sc_hd__o221a                                                                                                          │ 432                        │
│ sky130_fd_sc_hd__o221ai                                                                                                         │ 43                         │
│ sky130_fd_sc_hd__o22a                                                                                                           │ 853                        │
│ sky130_fd_sc_hd__o22ai                                                                                                          │ 196                        │
│ sky130_fd_sc_hd__o2bb2a                                                                                                         │ 405                        │
│ sky130_fd_sc_hd__o311a                                                                                                          │ 48                         │
│ sky130_fd_sc_hd__o311ai                                                                                                         │ 7                          │
│ sky130_fd_sc_hd__o31a                                                                                                           │ 246                        │
│ sky130_fd_sc_hd__o31ai                                                                                                          │ 25                         │
│ sky130_fd_sc_hd__o32a                                                                                                           │ 83                         │
│ sky130_fd_sc_hd__o32ai                                                                                                          │ 8                          │
│ sky130_fd_sc_hd__o41a                                                                                                           │ 42                         │
│ sky130_fd_sc_hd__o41ai                                                                                                          │ 6                          │
│ sky130_fd_sc_hd__or2                                                                                                            │ 2292                       │
│ sky130_fd_sc_hd__or3                                                                                                            │ 430                        │
│ sky130_fd_sc_hd__or3b                                                                                                           │ 182                        │
│ sky130_fd_sc_hd__or4                                                                                                            │ 227                        │
│ sky130_fd_sc_hd__or4b                                                                                                           │ 138                        │
│ sky130_fd_sc_hd__or4bb                                                                                                          │ 72                         │
│ sky130_fd_sc_hd__tapvpwrvgnd                                                                                                    │ 14129                      │
│ sky130_fd_sc_hd__xnor2                                                                                                          │ 1963                       │
│ sky130_fd_sc_hd__xor2                                                                                                           │ 892                        │
└─────────────────────────────────────────────────────────────────────────────────────────────────────────────────────────────────┴────────────────────────────┘
